# serializer version: 1
# name: test_versions
  b'CFA533: h1.4, u1v2'
# ---
