# serializer version: 1
# name: test_status_to_from_bytes[device0-status0]
  b'\x07\x00\x00\x00\x00\x00! \x053<\x00\x00\n\x1e'
# ---
