# serializer version: 1
# name: test_key_states_to_from_bytes
  b'\x01\x00\x00'
# ---
